// Jest Snapshot v1, https://goo.gl/fbAQLP

exports[`Button should render component 1`] = `
<div
  className="c-input"
>
  <input
    onChange={[Function]}
    placeholder="Title"
  />
</div>
`;
